2023-08-23 23:49:55,784 INFO  [framework] Post Success 
/2023-08-24 13:33:26,486 INFO  [framework] Post Success 
/2023-08-24 13:36:47,328 INFO  [framework] ****************************user is created******************************************************* 
/2023-08-24 13:36:51,560 INFO  [framework] ******************************user is created****************************************************** 
/2023-08-24 13:36:51,591 INFO  [framework] ****************************reading user info******************************************************* 
/2023-08-24 13:36:53,326 INFO  [framework] ****************************user is read successfull******************************************************* 
/2023-08-24 13:36:55,172 INFO  [framework] Post Success 
/2023-08-24 13:57:22,301 INFO  [framework] Post Success 
/2023-08-24 14:06:30,546 INFO  [framework] Post Success 
/2023-08-24 14:20:35,445 INFO  [framework] Post Success 
/2023-08-24 14:22:15,268 INFO  [framework] Post Success 
/2024-02-01 22:05:08,570 INFO  [framework] Post Success 
/2024-02-01 22:07:50,872 INFO  [framework] Post Success 
/2025-07-08 23:04:04,370 INFO  [framework] ****************************user is created******************************************************* 
/2025-07-08 23:04:10,831 INFO  [framework] ******************************user is created****************************************************** 
/2025-07-08 23:04:10,847 INFO  [framework] ****************************reading user info******************************************************* 
/2025-07-08 23:04:14,069 INFO  [framework] Post Success 
/2026-07-03 21:27:10,341 INFO  [framework] ****************************user is created******************************************************* 
/2026-07-03 21:27:15,140 INFO  [framework] ******************************user is created****************************************************** 
/2026-07-03 21:27:15,250 INFO  [framework] ****************************reading user info******************************************************* 
/2026-07-03 21:27:16,839 INFO  [framework] ****************************user is read successfull******************************************************* 
/2026-07-03 21:27:18,485 INFO  [framework] Post Success 
/2026-07-05 13:22:24,911 INFO  [framework] ****************************user is created******************************************************* 
/2026-07-05 13:22:29,378 INFO  [framework] ******************************user is created****************************************************** 
/2026-07-05 13:22:29,434 INFO  [framework] ****************************reading user info******************************************************* 
/2026-07-05 13:22:31,095 INFO  [framework] ****************************user is read successfull******************************************************* 
/2026-07-05 13:22:32,628 INFO  [framework] Post Success 
/2026-07-05 13:26:36,748 INFO  [framework] Post Success 
/